8:07:50 pm [vite] ws proxy socket error:
Error: write ECONNABORTED
    at afterWriteDispatched (node:internal/stream_base_commons:159:15)
    at writeGeneric (node:internal/stream_base_commons:150:3)
    at Socket._writeGeneric (node:net:966:11)
    at Socket._write (node:net:978:8)
    at writeOrBuffer (node:internal/streams/writable:570:12)
    at _write (node:internal/streams/writable:499:10)
    at Writable.write (node:internal/streams/writable:508:10)
    at Socket.ondata (node:internal/streams/readable:1008:24)
    at Socket.emit (node:events:508:28)
    at addChunk (node:internal/streams/readable:559:12)
    at readableAddChunkPushByteMode (node:internal/streams/readable:510:3)
    at Readable.push (node:internal/streams/readable:390:5)
    at TCP.onStreamRead (node:internal/stream_base_commons:189:23)
8:27:21 pm [vite] Internal server error: Failed to resolve import "react-i18next" from "src/components/CameraCapture.jsx". Does the file exist?
  Plugin: vite:import-analysis
  File: C:/Users/Darshan Buddhdev/OneDrive/Desktop/SIH_2026/SIH/frontend/src/components/CameraCapture.jsx:2:31
  17 |  var _s = $RefreshSig$();
  18 |  import { useEffect, useRef, useState } from "react";
  19 |  import { useTranslation } from "react-i18next";
     |                                  ^
  20 |  export default function CameraCapture({ onCapture, facingMode = "environment", label = "Capture", circleFrame = false }) {
  21 |    _s();
      at TransformPluginContext._formatError (file:///C:/Users/Darshan%20Buddhdev/OneDrive/Desktop/SIH_2026/SIH/frontend/node_modules/vite/dist/node/chunks/dep-BK3b2jBa.js:49258:41)
      at TransformPluginContext.error (file:///C:/Users/Darshan%20Buddhdev/OneDrive/Desktop/SIH_2026/SIH/frontend/node_modules/vite/dist/node/chunks/dep-BK3b2jBa.js:49253:16)
      at normalizeUrl (file:///C:/Users/Darshan%20Buddhdev/OneDrive/Desktop/SIH_2026/SIH/frontend/node_modules/vite/dist/node/chunks/dep-BK3b2jBa.js:64307:23)
      at process.processTicksAndRejections (node:internal/process/task_queues:103:5)
      at async file:///C:/Users/Darshan%20Buddhdev/OneDrive/Desktop/SIH_2026/SIH/frontend/node_modules/vite/dist/node/chunks/dep-BK3b2jBa.js:64439:39
      at async Promise.all (index 4)
      at async TransformPluginContext.transform (file:///C:/Users/Darshan%20Buddhdev/OneDrive/Desktop/SIH_2026/SIH/frontend/node_modules/vite/dist/node/chunks/dep-BK3b2jBa.js:64366:7)
      at async PluginContainer.transform (file:///C:/Users/Darshan%20Buddhdev/OneDrive/Desktop/SIH_2026/SIH/frontend/node_modules/vite/dist/node/chunks/dep-BK3b2jBa.js:49099:18)
      at async loadAndTransform (file:///C:/Users/Darshan%20Buddhdev/OneDrive/Desktop/SIH_2026/SIH/frontend/node_modules/vite/dist/node/chunks/dep-BK3b2jBa.js:51978:27)
      at async viteTransformMiddleware (file:///C:/Users/Darshan%20Buddhdev/OneDrive/Desktop/SIH_2026/SIH/frontend/node_modules/vite/dist/node/chunks/dep-BK3b2jBa.js:62106:24)
8:27:21 pm [vite] Internal server error: Failed to resolve import "react-i18next" from "src/App.jsx". Does the file exist?
  Plugin: vite:import-analysis
  File: C:/Users/Darshan Buddhdev/OneDrive/Desktop/SIH_2026/SIH/frontend/src/App.jsx:2:31
  17 |  var _s = $RefreshSig$();
  18 |  import { Routes, Route, Link, NavLink } from "react-router-dom";
  19 |  import { useTranslation } from "react-i18next";
     |                                  ^
  20 |  import { HomeIcon, IdCardIcon, ChainIcon, ShieldIcon } from "./components/Icons.jsx";
  21 |  import LanguageSwitcher from "./components/LanguageSwitcher.jsx";
      at TransformPluginContext._formatError (file:///C:/Users/Darshan%20Buddhdev/OneDrive/Desktop/SIH_2026/SIH/frontend/node_modules/vite/dist/node/chunks/dep-BK3b2jBa.js:49258:41)
      at TransformPluginContext.error (file:///C:/Users/Darshan%20Buddhdev/OneDrive/Desktop/SIH_2026/SIH/frontend/node_modules/vite/dist/node/chunks/dep-BK3b2jBa.js:49253:16)
      at normalizeUrl (file:///C:/Users/Darshan%20Buddhdev/OneDrive/Desktop/SIH_2026/SIH/frontend/node_modules/vite/dist/node/chunks/dep-BK3b2jBa.js:64307:23)
      at process.processTicksAndRejections (node:internal/process/task_queues:103:5)
      at async file:///C:/Users/Darshan%20Buddhdev/OneDrive/Desktop/SIH_2026/SIH/frontend/node_modules/vite/dist/node/chunks/dep-BK3b2jBa.js:64439:39
      at async Promise.all (index 4)
      at async TransformPluginContext.transform (file:///C:/Users/Darshan%20Buddhdev/OneDrive/Desktop/SIH_2026/SIH/frontend/node_modules/vite/dist/node/chunks/dep-BK3b2jBa.js:64366:7)
      at async PluginContainer.transform (file:///C:/Users/Darshan%20Buddhdev/OneDrive/Desktop/SIH_2026/SIH/frontend/node_modules/vite/dist/node/chunks/dep-BK3b2jBa.js:49099:18)
      at async loadAndTransform (file:///C:/Users/Darshan%20Buddhdev/OneDrive/Desktop/SIH_2026/SIH/frontend/node_modules/vite/dist/node/chunks/dep-BK3b2jBa.js:51978:27)
      at async viteTransformMiddleware (file:///C:/Users/Darshan%20Buddhdev/OneDrive/Desktop/SIH_2026/SIH/frontend/node_modules/vite/dist/node/chunks/dep-BK3b2jBa.js:62106:24)
8:27:21 pm [vite] Internal server error: Failed to resolve import "react-i18next" from "src/components/VerifyShell.jsx". Does the file exist?
  Plugin: vite:import-analysis
  File: C:/Users/Darshan Buddhdev/OneDrive/Desktop/SIH_2026/SIH/frontend/src/components/VerifyShell.jsx:1:31
  16 |  }
  17 |  var _s = $RefreshSig$();
  18 |  import { useTranslation } from "react-i18next";
     |                                  ^
  19 |  const STAGE_KEYS = ["setup", "capture", "pipeline", "face", "result"];
  20 |  export default function VerifyShell({ current, status, children }) {
      at TransformPluginContext._formatError (file:///C:/Users/Darshan%20Buddhdev/OneDrive/Desktop/SIH_2026/SIH/frontend/node_modules/vite/dist/node/chunks/dep-BK3b2jBa.js:49258:41)
      at TransformPluginContext.error (file:///C:/Users/Darshan%20Buddhdev/OneDrive/Desktop/SIH_2026/SIH/frontend/node_modules/vite/dist/node/chunks/dep-BK3b2jBa.js:49253:16)
      at normalizeUrl (file:///C:/Users/Darshan%20Buddhdev/OneDrive/Desktop/SIH_2026/SIH/frontend/node_modules/vite/dist/node/chunks/dep-BK3b2jBa.js:64307:23)
      at process.processTicksAndRejections (node:internal/process/task_queues:103:5)
      at async file:///C:/Users/Darshan%20Buddhdev/OneDrive/Desktop/SIH_2026/SIH/frontend/node_modules/vite/dist/node/chunks/dep-BK3b2jBa.js:64439:39
      at async Promise.all (index 3)
      at async TransformPluginContext.transform (file:///C:/Users/Darshan%20Buddhdev/OneDrive/Desktop/SIH_2026/SIH/frontend/node_modules/vite/dist/node/chunks/dep-BK3b2jBa.js:64366:7)
      at async PluginContainer.transform (file:///C:/Users/Darshan%20Buddhdev/OneDrive/Desktop/SIH_2026/SIH/frontend/node_modules/vite/dist/node/chunks/dep-BK3b2jBa.js:49099:18)
      at async loadAndTransform (file:///C:/Users/Darshan%20Buddhdev/OneDrive/Desktop/SIH_2026/SIH/frontend/node_modules/vite/dist/node/chunks/dep-BK3b2jBa.js:51978:27)
      at async viteTransformMiddleware (file:///C:/Users/Darshan%20Buddhdev/OneDrive/Desktop/SIH_2026/SIH/frontend/node_modules/vite/dist/node/chunks/dep-BK3b2jBa.js:62106:24)
8:27:21 pm [vite] Pre-transform error: Failed to resolve import "react-i18next" from "src/pages/Setup.jsx". Does the file exist?
8:27:21 pm [vite] Pre-transform error: Failed to resolve import "react-i18next" from "src/pages/Pipeline.jsx". Does the file exist?
8:27:21 pm [vite] Pre-transform error: Failed to resolve import "react-i18next" from "src/components/LanguageSwitcher.jsx". Does the file exist?
8:27:21 pm [vite] Pre-transform error: Failed to resolve import "react-i18next" from "src/pages/FaceCapture.jsx". Does the file exist?
8:27:21 pm [vite] Pre-transform error: Failed to resolve import "react-i18next" from "src/pages/Landing.jsx". Does the file exist?
8:27:21 pm [vite] Pre-transform error: Failed to resolve import "react-i18next" from "src/pages/Audit.jsx". Does the file exist?
8:27:21 pm [vite] Internal server error: Failed to resolve import "react-i18next" from "src/pages/AdminWatchlist.jsx". Does the file exist?
  Plugin: vite:import-analysis
  File: C:/Users/Darshan Buddhdev/OneDrive/Desktop/SIH_2026/SIH/frontend/src/pages/AdminWatchlist.jsx:2:31
  17 |  var _s = $RefreshSig$();
  18 |  import { useState } from "react";
  19 |  import { useTranslation } from "react-i18next";
     |                                  ^
  20 |  import { listWatchlist, addWatchlist, deleteWatchlist } from "../lib/api";
  21 |  export default function AdminWatchlist() {
      at TransformPluginContext._formatError (file:///C:/Users/Darshan%20Buddhdev/OneDrive/Desktop/SIH_2026/SIH/frontend/node_modules/vite/dist/node/chunks/dep-BK3b2jBa.js:49258:41)
      at TransformPluginContext.error (file:///C:/Users/Darshan%20Buddhdev/OneDrive/Desktop/SIH_2026/SIH/frontend/node_modules/vite/dist/node/chunks/dep-BK3b2jBa.js:49253:16)
      at normalizeUrl (file:///C:/Users/Darshan%20Buddhdev/OneDrive/Desktop/SIH_2026/SIH/frontend/node_modules/vite/dist/node/chunks/dep-BK3b2jBa.js:64307:23)
      at process.processTicksAndRejections (node:internal/process/task_queues:103:5)
      at async file:///C:/Users/Darshan%20Buddhdev/OneDrive/Desktop/SIH_2026/SIH/frontend/node_modules/vite/dist/node/chunks/dep-BK3b2jBa.js:64439:39
      at async Promise.all (index 4)
      at async TransformPluginContext.transform (file:///C:/Users/Darshan%20Buddhdev/OneDrive/Desktop/SIH_2026/SIH/frontend/node_modules/vite/dist/node/chunks/dep-BK3b2jBa.js:64366:7)
      at async PluginContainer.transform (file:///C:/Users/Darshan%20Buddhdev/OneDrive/Desktop/SIH_2026/SIH/frontend/node_modules/vite/dist/node/chunks/dep-BK3b2jBa.js:49099:18)
      at async loadAndTransform (file:///C:/Users/Darshan%20Buddhdev/OneDrive/Desktop/SIH_2026/SIH/frontend/node_modules/vite/dist/node/chunks/dep-BK3b2jBa.js:51978:27)
      at async viteTransformMiddleware (file:///C:/Users/Darshan%20Buddhdev/OneDrive/Desktop/SIH_2026/SIH/frontend/node_modules/vite/dist/node/chunks/dep-BK3b2jBa.js:62106:24)
8:27:21 pm [vite] Pre-transform error: Failed to resolve import "react-i18next" from "src/pages/Result.jsx". Does the file exist?
8:27:21 pm [vite] Pre-transform error: Failed to resolve import "react-i18next" from "src/pages/AdminWatchlist.jsx". Does the file exist?
8:27:21 pm [vite] Pre-transform error: Failed to resolve import "react-i18next" from "src/pages/Capture.jsx". Does the file exist?
8:27:21 pm [vite] Internal server error: Failed to resolve import "react-i18next" from "src/pages/Audit.jsx". Does the file exist?
  Plugin: vite:import-analysis
  File: C:/Users/Darshan Buddhdev/OneDrive/Desktop/SIH_2026/SIH/frontend/src/pages/Audit.jsx:2:31
  17 |  var _s = $RefreshSig$();
  18 |  import { useState } from "react";
  19 |  import { useTranslation } from "react-i18next";
     |                                  ^
  20 |  import { verifyChain } from "../lib/api";
  21 |  export default function Audit() {
      at TransformPluginContext._formatError (file:///C:/Users/Darshan%20Buddhdev/OneDrive/Desktop/SIH_2026/SIH/frontend/node_modules/vite/dist/node/chunks/dep-BK3b2jBa.js:49258:41)
      at TransformPluginContext.error (file:///C:/Users/Darshan%20Buddhdev/OneDrive/Desktop/SIH_2026/SIH/frontend/node_modules/vite/dist/node/chunks/dep-BK3b2jBa.js:49253:16)
      at normalizeUrl (file:///C:/Users/Darshan%20Buddhdev/OneDrive/Desktop/SIH_2026/SIH/frontend/node_modules/vite/dist/node/chunks/dep-BK3b2jBa.js:64307:23)
      at process.processTicksAndRejections (node:internal/process/task_queues:103:5)
      at async file:///C:/Users/Darshan%20Buddhdev/OneDrive/Desktop/SIH_2026/SIH/frontend/node_modules/vite/dist/node/chunks/dep-BK3b2jBa.js:64439:39
      at async Promise.all (index 4)
      at async TransformPluginContext.transform (file:///C:/Users/Darshan%20Buddhdev/OneDrive/Desktop/SIH_2026/SIH/frontend/node_modules/vite/dist/node/chunks/dep-BK3b2jBa.js:64366:7)
      at async PluginContainer.transform (file:///C:/Users/Darshan%20Buddhdev/OneDrive/Desktop/SIH_2026/SIH/frontend/node_modules/vite/dist/node/chunks/dep-BK3b2jBa.js:49099:18)
      at async loadAndTransform (file:///C:/Users/Darshan%20Buddhdev/OneDrive/Desktop/SIH_2026/SIH/frontend/node_modules/vite/dist/node/chunks/dep-BK3b2jBa.js:51978:27)
      at async viteTransformMiddleware (file:///C:/Users/Darshan%20Buddhdev/OneDrive/Desktop/SIH_2026/SIH/frontend/node_modules/vite/dist/node/chunks/dep-BK3b2jBa.js:62106:24)
8:27:21 pm [vite] Internal server error: Failed to resolve import "react-i18next" from "src/pages/Capture.jsx". Does the file exist?
  Plugin: vite:import-analysis
  File: C:/Users/Darshan Buddhdev/OneDrive/Desktop/SIH_2026/SIH/frontend/src/pages/Capture.jsx:3:31
  18 |  import { useEffect, useRef, useState } from "react";
  19 |  import { useNavigate, useParams } from "react-router-dom";
  20 |  import { useTranslation } from "react-i18next";
     |                                  ^
  21 |  import CameraCapture from "../components/CameraCapture.jsx";
  22 |  import VerifyShell from "../components/VerifyShell.jsx";
      at TransformPluginContext._formatError (file:///C:/Users/Darshan%20Buddhdev/OneDrive/Desktop/SIH_2026/SIH/frontend/node_modules/vite/dist/node/chunks/dep-BK3b2jBa.js:49258:41)
      at TransformPluginContext.error (file:///C:/Users/Darshan%20Buddhdev/OneDrive/Desktop/SIH_2026/SIH/frontend/node_modules/vite/dist/node/chunks/dep-BK3b2jBa.js:49253:16)
      at normalizeUrl (file:///C:/Users/Darshan%20Buddhdev/OneDrive/Desktop/SIH_2026/SIH/frontend/node_modules/vite/dist/node/chunks/dep-BK3b2jBa.js:64307:23)
      at process.processTicksAndRejections (node:internal/process/task_queues:103:5)
      at async file:///C:/Users/Darshan%20Buddhdev/OneDrive/Desktop/SIH_2026/SIH/frontend/node_modules/vite/dist/node/chunks/dep-BK3b2jBa.js:64439:39
      at async Promise.all (index 5)
      at async TransformPluginContext.transform (file:///C:/Users/Darshan%20Buddhdev/OneDrive/Desktop/SIH_2026/SIH/frontend/node_modules/vite/dist/node/chunks/dep-BK3b2jBa.js:64366:7)
      at async PluginContainer.transform (file:///C:/Users/Darshan%20Buddhdev/OneDrive/Desktop/SIH_2026/SIH/frontend/node_modules/vite/dist/node/chunks/dep-BK3b2jBa.js:49099:18)
      at async loadAndTransform (file:///C:/Users/Darshan%20Buddhdev/OneDrive/Desktop/SIH_2026/SIH/frontend/node_modules/vite/dist/node/chunks/dep-BK3b2jBa.js:51978:27)
      at async viteTransformMiddleware (file:///C:/Users/Darshan%20Buddhdev/OneDrive/Desktop/SIH_2026/SIH/frontend/node_modules/vite/dist/node/chunks/dep-BK3b2jBa.js:62106:24)
8:27:21 pm [vite] Pre-transform error: Failed to resolve import "react-i18next" from "src/components/VerifyShell.jsx". Does the file exist?
8:27:21 pm [vite] Pre-transform error: Failed to resolve import "react-i18next" from "src/components/VerifyShell.jsx". Does the file exist?
8:27:21 pm [vite] Pre-transform error: Failed to resolve import "react-i18next" from "src/components/VerifyShell.jsx". Does the file exist?
8:27:21 pm [vite] Pre-transform error: Failed to resolve import "react-i18next" from "src/components/VerifyShell.jsx". Does the file exist?
8:27:21 pm [vite] Pre-transform error: Failed to resolve import "react-i18next" from "src/components/VerifyShell.jsx". Does the file exist?
8:27:21 pm [vite] Pre-transform error: Failed to resolve import "react-i18next" from "src/components/VerifyShell.jsx". Does the file exist?
8:27:21 pm [vite] Pre-transform error: Failed to resolve import "react-i18next" from "src/components/CameraCapture.jsx". Does the file exist?
8:27:21 pm [vite] Pre-transform error: Failed to resolve import "react-i18next" from "src/components/CameraCapture.jsx". Does the file exist?
8:27:21 pm [vite] Pre-transform error: Failed to resolve import "react-i18next" from "src/components/CameraCapture.jsx". Does the file exist?
8:27:21 pm [vite] Internal server error: Failed to resolve import "react-i18next" from "src/pages/FaceCapture.jsx". Does the file exist?
  Plugin: vite:import-analysis
  File: C:/Users/Darshan Buddhdev/OneDrive/Desktop/SIH_2026/SIH/frontend/src/pages/FaceCapture.jsx:3:31
  18 |  import { useState } from "react";
  19 |  import { useNavigate, useParams } from "react-router-dom";
  20 |  import { useTranslation } from "react-i18next";
     |                                  ^
  21 |  import CameraCapture from "../components/CameraCapture.jsx";
  22 |  import VerifyShell from "../components/VerifyShell.jsx";
      at TransformPluginContext._formatError (file:///C:/Users/Darshan%20Buddhdev/OneDrive/Desktop/SIH_2026/SIH/frontend/node_modules/vite/dist/node/chunks/dep-BK3b2jBa.js:49258:41)
      at TransformPluginContext.error (file:///C:/Users/Darshan%20Buddhdev/OneDrive/Desktop/SIH_2026/SIH/frontend/node_modules/vite/dist/node/chunks/dep-BK3b2jBa.js:49253:16)
      at normalizeUrl (file:///C:/Users/Darshan%20Buddhdev/OneDrive/Desktop/SIH_2026/SIH/frontend/node_modules/vite/dist/node/chunks/dep-BK3b2jBa.js:64307:23)
      at process.processTicksAndRejections (node:internal/process/task_queues:103:5)
      at async file:///C:/Users/Darshan%20Buddhdev/OneDrive/Desktop/SIH_2026/SIH/frontend/node_modules/vite/dist/node/chunks/dep-BK3b2jBa.js:64439:39
      at async Promise.all (index 5)
      at async TransformPluginContext.transform (file:///C:/Users/Darshan%20Buddhdev/OneDrive/Desktop/SIH_2026/SIH/frontend/node_modules/vite/dist/node/chunks/dep-BK3b2jBa.js:64366:7)
      at async PluginContainer.transform (file:///C:/Users/Darshan%20Buddhdev/OneDrive/Desktop/SIH_2026/SIH/frontend/node_modules/vite/dist/node/chunks/dep-BK3b2jBa.js:49099:18)
      at async loadAndTransform (file:///C:/Users/Darshan%20Buddhdev/OneDrive/Desktop/SIH_2026/SIH/frontend/node_modules/vite/dist/node/chunks/dep-BK3b2jBa.js:51978:27)
      at async viteTransformMiddleware (file:///C:/Users/Darshan%20Buddhdev/OneDrive/Desktop/SIH_2026/SIH/frontend/node_modules/vite/dist/node/chunks/dep-BK3b2jBa.js:62106:24)
8:27:21 pm [vite] Internal server error: Failed to resolve import "react-i18next" from "src/pages/Landing.jsx". Does the file exist?
  Plugin: vite:import-analysis
  File: C:/Users/Darshan Buddhdev/OneDrive/Desktop/SIH_2026/SIH/frontend/src/pages/Landing.jsx:2:31
  17 |  var _s = $RefreshSig$();
  18 |  import { useNavigate } from "react-router-dom";
  19 |  import { useTranslation } from "react-i18next";
     |                                  ^
  20 |  const FEATURE_KEYS = [
  21 |    { icon: "🔍", key: "ocr" },
      at TransformPluginContext._formatError (file:///C:/Users/Darshan%20Buddhdev/OneDrive/Desktop/SIH_2026/SIH/frontend/node_modules/vite/dist/node/chunks/dep-BK3b2jBa.js:49258:41)
      at TransformPluginContext.error (file:///C:/Users/Darshan%20Buddhdev/OneDrive/Desktop/SIH_2026/SIH/frontend/node_modules/vite/dist/node/chunks/dep-BK3b2jBa.js:49253:16)
      at normalizeUrl (file:///C:/Users/Darshan%20Buddhdev/OneDrive/Desktop/SIH_2026/SIH/frontend/node_modules/vite/dist/node/chunks/dep-BK3b2jBa.js:64307:23)
      at process.processTicksAndRejections (node:internal/process/task_queues:103:5)
      at async file:///C:/Users/Darshan%20Buddhdev/OneDrive/Desktop/SIH_2026/SIH/frontend/node_modules/vite/dist/node/chunks/dep-BK3b2jBa.js:64439:39
      at async Promise.all (index 4)
      at async TransformPluginContext.transform (file:///C:/Users/Darshan%20Buddhdev/OneDrive/Desktop/SIH_2026/SIH/frontend/node_modules/vite/dist/node/chunks/dep-BK3b2jBa.js:64366:7)
      at async PluginContainer.transform (file:///C:/Users/Darshan%20Buddhdev/OneDrive/Desktop/SIH_2026/SIH/frontend/node_modules/vite/dist/node/chunks/dep-BK3b2jBa.js:49099:18)
      at async loadAndTransform (file:///C:/Users/Darshan%20Buddhdev/OneDrive/Desktop/SIH_2026/SIH/frontend/node_modules/vite/dist/node/chunks/dep-BK3b2jBa.js:51978:27)
      at async viteTransformMiddleware (file:///C:/Users/Darshan%20Buddhdev/OneDrive/Desktop/SIH_2026/SIH/frontend/node_modules/vite/dist/node/chunks/dep-BK3b2jBa.js:62106:24)
8:27:21 pm [vite] Pre-transform error: Failed to resolve import "react-i18next" from "src/components/VerifyShell.jsx". Does the file exist?
8:27:21 pm [vite] Internal server error: Failed to resolve import "react-i18next" from "src/pages/Pipeline.jsx". Does the file exist?
  Plugin: vite:import-analysis
  File: C:/Users/Darshan Buddhdev/OneDrive/Desktop/SIH_2026/SIH/frontend/src/pages/Pipeline.jsx:3:31
  18 |  import { useEffect, useRef, useState } from "react";
  19 |  import { useNavigate, useParams, useSearchParams } from "react-router-dom";
  20 |  import { useTranslation } from "react-i18next";
     |                                  ^
  21 |  import { openPipelineSocket } from "../lib/api";
  22 |  import VerifyShell from "../components/VerifyShell.jsx";
      at TransformPluginContext._formatError (file:///C:/Users/Darshan%20Buddhdev/OneDrive/Desktop/SIH_2026/SIH/frontend/node_modules/vite/dist/node/chunks/dep-BK3b2jBa.js:49258:41)
      at TransformPluginContext.error (file:///C:/Users/Darshan%20Buddhdev/OneDrive/Desktop/SIH_2026/SIH/frontend/node_modules/vite/dist/node/chunks/dep-BK3b2jBa.js:49253:16)
      at normalizeUrl (file:///C:/Users/Darshan%20Buddhdev/OneDrive/Desktop/SIH_2026/SIH/frontend/node_modules/vite/dist/node/chunks/dep-BK3b2jBa.js:64307:23)
      at process.processTicksAndRejections (node:internal/process/task_queues:103:5)
      at async file:///C:/Users/Darshan%20Buddhdev/OneDrive/Desktop/SIH_2026/SIH/frontend/node_modules/vite/dist/node/chunks/dep-BK3b2jBa.js:64439:39
      at async Promise.all (index 5)
      at async TransformPluginContext.transform (file:///C:/Users/Darshan%20Buddhdev/OneDrive/Desktop/SIH_2026/SIH/frontend/node_modules/vite/dist/node/chunks/dep-BK3b2jBa.js:64366:7)
      at async PluginContainer.transform (file:///C:/Users/Darshan%20Buddhdev/OneDrive/Desktop/SIH_2026/SIH/frontend/node_modules/vite/dist/node/chunks/dep-BK3b2jBa.js:49099:18)
      at async loadAndTransform (file:///C:/Users/Darshan%20Buddhdev/OneDrive/Desktop/SIH_2026/SIH/frontend/node_modules/vite/dist/node/chunks/dep-BK3b2jBa.js:51978:27)
      at async viteTransformMiddleware (file:///C:/Users/Darshan%20Buddhdev/OneDrive/Desktop/SIH_2026/SIH/frontend/node_modules/vite/dist/node/chunks/dep-BK3b2jBa.js:62106:24)
8:27:21 pm [vite] Pre-transform error: Failed to resolve import "react-i18next" from "src/components/VerifyShell.jsx". Does the file exist?
8:27:21 pm [vite] Pre-transform error: Failed to resolve import "react-i18next" from "src/components/CameraCapture.jsx". Does the file exist?
8:27:21 pm [vite] Internal server error: Failed to resolve import "react-i18next" from "src/pages/Setup.jsx". Does the file exist?
  Plugin: vite:import-analysis
  File: C:/Users/Darshan Buddhdev/OneDrive/Desktop/SIH_2026/SIH/frontend/src/pages/Setup.jsx:3:31
  18 |  import { useEffect, useState } from "react";
  19 |  import { useNavigate } from "react-router-dom";
  20 |  import { useTranslation } from "react-i18next";
     |                                  ^
  21 |  import { startVerification } from "../lib/api";
  22 |  import VerifyShell from "../components/VerifyShell.jsx";
      at TransformPluginContext._formatError (file:///C:/Users/Darshan%20Buddhdev/OneDrive/Desktop/SIH_2026/SIH/frontend/node_modules/vite/dist/node/chunks/dep-BK3b2jBa.js:49258:41)
      at TransformPluginContext.error (file:///C:/Users/Darshan%20Buddhdev/OneDrive/Desktop/SIH_2026/SIH/frontend/node_modules/vite/dist/node/chunks/dep-BK3b2jBa.js:49253:16)
      at normalizeUrl (file:///C:/Users/Darshan%20Buddhdev/OneDrive/Desktop/SIH_2026/SIH/frontend/node_modules/vite/dist/node/chunks/dep-BK3b2jBa.js:64307:23)
      at process.processTicksAndRejections (node:internal/process/task_queues:103:5)
      at async file:///C:/Users/Darshan%20Buddhdev/OneDrive/Desktop/SIH_2026/SIH/frontend/node_modules/vite/dist/node/chunks/dep-BK3b2jBa.js:64439:39
      at async Promise.all (index 5)
      at async TransformPluginContext.transform (file:///C:/Users/Darshan%20Buddhdev/OneDrive/Desktop/SIH_2026/SIH/frontend/node_modules/vite/dist/node/chunks/dep-BK3b2jBa.js:64366:7)
      at async PluginContainer.transform (file:///C:/Users/Darshan%20Buddhdev/OneDrive/Desktop/SIH_2026/SIH/frontend/node_modules/vite/dist/node/chunks/dep-BK3b2jBa.js:49099:18)
      at async loadAndTransform (file:///C:/Users/Darshan%20Buddhdev/OneDrive/Desktop/SIH_2026/SIH/frontend/node_modules/vite/dist/node/chunks/dep-BK3b2jBa.js:51978:27)
      at async viteTransformMiddleware (file:///C:/Users/Darshan%20Buddhdev/OneDrive/Desktop/SIH_2026/SIH/frontend/node_modules/vite/dist/node/chunks/dep-BK3b2jBa.js:62106:24)
8:27:21 pm [vite] Internal server error: Failed to resolve import "react-i18next" from "src/pages/Result.jsx". Does the file exist?
  Plugin: vite:import-analysis
  File: C:/Users/Darshan Buddhdev/OneDrive/Desktop/SIH_2026/SIH/frontend/src/pages/Result.jsx:3:31
  18 |  import { useEffect, useState } from "react";
  19 |  import { useParams } from "react-router-dom";
  20 |  import { useTranslation } from "react-i18next";
     |                                  ^
  21 |  import { getResult, submitDecision } from "../lib/api";
  22 |  import VerifyShell from "../components/VerifyShell.jsx";
      at TransformPluginContext._formatError (file:///C:/Users/Darshan%20Buddhdev/OneDrive/Desktop/SIH_2026/SIH/frontend/node_modules/vite/dist/node/chunks/dep-BK3b2jBa.js:49258:41)
      at TransformPluginContext.error (file:///C:/Users/Darshan%20Buddhdev/OneDrive/Desktop/SIH_2026/SIH/frontend/node_modules/vite/dist/node/chunks/dep-BK3b2jBa.js:49253:16)
      at normalizeUrl (file:///C:/Users/Darshan%20Buddhdev/OneDrive/Desktop/SIH_2026/SIH/frontend/node_modules/vite/dist/node/chunks/dep-BK3b2jBa.js:64307:23)
      at process.processTicksAndRejections (node:internal/process/task_queues:103:5)
      at async file:///C:/Users/Darshan%20Buddhdev/OneDrive/Desktop/SIH_2026/SIH/frontend/node_modules/vite/dist/node/chunks/dep-BK3b2jBa.js:64439:39
      at async Promise.all (index 5)
      at async TransformPluginContext.transform (file:///C:/Users/Darshan%20Buddhdev/OneDrive/Desktop/SIH_2026/SIH/frontend/node_modules/vite/dist/node/chunks/dep-BK3b2jBa.js:64366:7)
      at async PluginContainer.transform (file:///C:/Users/Darshan%20Buddhdev/OneDrive/Desktop/SIH_2026/SIH/frontend/node_modules/vite/dist/node/chunks/dep-BK3b2jBa.js:49099:18)
      at async loadAndTransform (file:///C:/Users/Darshan%20Buddhdev/OneDrive/Desktop/SIH_2026/SIH/frontend/node_modules/vite/dist/node/chunks/dep-BK3b2jBa.js:51978:27)
      at async viteTransformMiddleware (file:///C:/Users/Darshan%20Buddhdev/OneDrive/Desktop/SIH_2026/SIH/frontend/node_modules/vite/dist/node/chunks/dep-BK3b2jBa.js:62106:24)
8:27:21 pm [vite] Pre-transform error: Failed to resolve import "react-i18next" from "src/components/VerifyShell.jsx". Does the file exist?
8:27:21 pm [vite] Pre-transform error: Failed to resolve import "react-i18next" from "src/components/VerifyShell.jsx". Does the file exist?
8:27:21 pm [vite] Pre-transform error: Failed to resolve import "react-i18next" from "src/App.jsx". Does the file exist?
8:27:21 pm [vite] Pre-transform error: Failed to resolve import "react-i18next" from "src/pages/Setup.jsx". Does the file exist?
8:27:21 pm [vite] Pre-transform error: Failed to resolve import "react-i18next" from "src/components/LanguageSwitcher.jsx". Does the file exist?
8:27:21 pm [vite] Pre-transform error: Failed to resolve import "react-i18next" from "src/pages/Pipeline.jsx". Does the file exist?
8:27:21 pm [vite] Pre-transform error: Failed to resolve import "react-i18next" from "src/pages/Landing.jsx". Does the file exist?
8:27:21 pm [vite] Pre-transform error: Failed to resolve import "react-i18next" from "src/pages/FaceCapture.jsx". Does the file exist?
8:27:21 pm [vite] Pre-transform error: Failed to resolve import "react-i18next" from "src/pages/Capture.jsx". Does the file exist?
8:27:21 pm [vite] Pre-transform error: Failed to resolve import "react-i18next" from "src/pages/Result.jsx". Does the file exist?
8:27:21 pm [vite] Internal server error: Failed to resolve import "i18next" from "src/i18n.js". Does the file exist?
  Plugin: vite:import-analysis
  File: C:/Users/Darshan Buddhdev/OneDrive/Desktop/SIH_2026/SIH/frontend/src/i18n.js:1:19
  1  |  import i18n from "i18next";
     |                    ^
  2  |  import { initReactI18next } from "react-i18next";
  3  |  
      at TransformPluginContext._formatError (file:///C:/Users/Darshan%20Buddhdev/OneDrive/Desktop/SIH_2026/SIH/frontend/node_modules/vite/dist/node/chunks/dep-BK3b2jBa.js:49258:41)
      at TransformPluginContext.error (file:///C:/Users/Darshan%20Buddhdev/OneDrive/Desktop/SIH_2026/SIH/frontend/node_modules/vite/dist/node/chunks/dep-BK3b2jBa.js:49253:16)
      at normalizeUrl (file:///C:/Users/Darshan%20Buddhdev/OneDrive/Desktop/SIH_2026/SIH/frontend/node_modules/vite/dist/node/chunks/dep-BK3b2jBa.js:64307:23)
      at async file:///C:/Users/Darshan%20Buddhdev/OneDrive/Desktop/SIH_2026/SIH/frontend/node_modules/vite/dist/node/chunks/dep-BK3b2jBa.js:64439:39
      at async Promise.all (index 0)
      at async TransformPluginContext.transform (file:///C:/Users/Darshan%20Buddhdev/OneDrive/Desktop/SIH_2026/SIH/frontend/node_modules/vite/dist/node/chunks/dep-BK3b2jBa.js:64366:7)
      at async PluginContainer.transform (file:///C:/Users/Darshan%20Buddhdev/OneDrive/Desktop/SIH_2026/SIH/frontend/node_modules/vite/dist/node/chunks/dep-BK3b2jBa.js:49099:18)
      at async loadAndTransform (file:///C:/Users/Darshan%20Buddhdev/OneDrive/Desktop/SIH_2026/SIH/frontend/node_modules/vite/dist/node/chunks/dep-BK3b2jBa.js:51978:27)
8:27:21 pm [vite] Pre-transform error: Failed to resolve import "i18next" from "src/i18n.js". Does the file exist?
8:27:21 pm [vite] Pre-transform error: Failed to resolve import "react-i18next" from "src/pages/Audit.jsx". Does the file exist?
8:27:21 pm [vite] Pre-transform error: Failed to resolve import "react-i18next" from "src/pages/AdminWatchlist.jsx". Does the file exist?
8:27:21 pm [vite] Pre-transform error: Failed to resolve import "react-i18next" from "src/components/VerifyShell.jsx". Does the file exist?
8:27:21 pm [vite] Pre-transform error: Failed to resolve import "react-i18next" from "src/components/VerifyShell.jsx". Does the file exist?
8:27:21 pm [vite] Pre-transform error: Failed to resolve import "react-i18next" from "src/components/VerifyShell.jsx". Does the file exist?
8:27:21 pm [vite] Pre-transform error: Failed to resolve import "react-i18next" from "src/components/VerifyShell.jsx". Does the file exist?
8:27:21 pm [vite] Pre-transform error: Failed to resolve import "react-i18next" from "src/components/VerifyShell.jsx". Does the file exist?
8:27:21 pm [vite] Pre-transform error: Failed to resolve import "react-i18next" from "src/components/CameraCapture.jsx". Does the file exist?
8:27:21 pm [vite] Pre-transform error: Failed to resolve import "react-i18next" from "src/components/CameraCapture.jsx". Does the file exist?
8:27:21 pm [vite] Internal server error: Failed to resolve import "react-i18next" from "src/App.jsx". Does the file exist?
  Plugin: vite:import-analysis
  File: C:/Users/Darshan Buddhdev/OneDrive/Desktop/SIH_2026/SIH/frontend/src/App.jsx:2:31
  17 |  var _s = $RefreshSig$();
  18 |  import { Routes, Route, Link, NavLink } from "react-router-dom";
  19 |  import { useTranslation } from "react-i18next";
     |                                  ^
  20 |  import { HomeIcon, IdCardIcon, ChainIcon, ShieldIcon } from "./components/Icons.jsx";
  21 |  import LanguageSwitcher from "./components/LanguageSwitcher.jsx";
      at TransformPluginContext._formatError (file:///C:/Users/Darshan%20Buddhdev/OneDrive/Desktop/SIH_2026/SIH/frontend/node_modules/vite/dist/node/chunks/dep-BK3b2jBa.js:49258:41)
      at TransformPluginContext.error (file:///C:/Users/Darshan%20Buddhdev/OneDrive/Desktop/SIH_2026/SIH/frontend/node_modules/vite/dist/node/chunks/dep-BK3b2jBa.js:49253:16)
      at normalizeUrl (file:///C:/Users/Darshan%20Buddhdev/OneDrive/Desktop/SIH_2026/SIH/frontend/node_modules/vite/dist/node/chunks/dep-BK3b2jBa.js:64307:23)
      at process.processTicksAndRejections (node:internal/process/task_queues:103:5)
      at async file:///C:/Users/Darshan%20Buddhdev/OneDrive/Desktop/SIH_2026/SIH/frontend/node_modules/vite/dist/node/chunks/dep-BK3b2jBa.js:64439:39
      at async Promise.all (index 4)
      at async TransformPluginContext.transform (file:///C:/Users/Darshan%20Buddhdev/OneDrive/Desktop/SIH_2026/SIH/frontend/node_modules/vite/dist/node/chunks/dep-BK3b2jBa.js:64366:7)
      at async PluginContainer.transform (file:///C:/Users/Darshan%20Buddhdev/OneDrive/Desktop/SIH_2026/SIH/frontend/node_modules/vite/dist/node/chunks/dep-BK3b2jBa.js:49099:18)
      at async loadAndTransform (file:///C:/Users/Darshan%20Buddhdev/OneDrive/Desktop/SIH_2026/SIH/frontend/node_modules/vite/dist/node/chunks/dep-BK3b2jBa.js:51978:27)
      at async viteTransformMiddleware (file:///C:/Users/Darshan%20Buddhdev/OneDrive/Desktop/SIH_2026/SIH/frontend/node_modules/vite/dist/node/chunks/dep-BK3b2jBa.js:62106:24)
8:27:21 pm [vite] Pre-transform error: Failed to resolve import "react-i18next" from "src/pages/Setup.jsx". Does the file exist?
8:27:21 pm [vite] Pre-transform error: Failed to resolve import "react-i18next" from "src/pages/Landing.jsx". Does the file exist?
8:27:21 pm [vite] Pre-transform error: Failed to resolve import "react-i18next" from "src/components/LanguageSwitcher.jsx". Does the file exist?
8:27:21 pm [vite] Pre-transform error: Failed to resolve import "react-i18next" from "src/pages/Audit.jsx". Does the file exist?
8:27:21 pm [vite] Pre-transform error: Failed to resolve import "react-i18next" from "src/pages/FaceCapture.jsx". Does the file exist?
8:27:21 pm [vite] Pre-transform error: Failed to resolve import "react-i18next" from "src/pages/Capture.jsx". Does the file exist?
8:27:21 pm [vite] Pre-transform error: Failed to resolve import "react-i18next" from "src/pages/Result.jsx". Does the file exist?
8:27:21 pm [vite] Pre-transform error: Failed to resolve import "react-i18next" from "src/pages/Pipeline.jsx". Does the file exist?
8:27:21 pm [vite] Pre-transform error: Failed to resolve import "react-i18next" from "src/pages/AdminWatchlist.jsx". Does the file exist?
8:27:21 pm [vite] Pre-transform error: Failed to resolve import "react-i18next" from "src/components/VerifyShell.jsx". Does the file exist?
8:27:21 pm [vite] Pre-transform error: Failed to resolve import "react-i18next" from "src/components/VerifyShell.jsx". Does the file exist?
8:27:21 pm [vite] Pre-transform error: Failed to resolve import "react-i18next" from "src/components/VerifyShell.jsx". Does the file exist?
8:27:21 pm [vite] Pre-transform error: Failed to resolve import "react-i18next" from "src/components/VerifyShell.jsx". Does the file exist?
8:27:21 pm [vite] Pre-transform error: Failed to resolve import "react-i18next" from "src/components/VerifyShell.jsx". Does the file exist?
8:27:21 pm [vite] Pre-transform error: Failed to resolve import "react-i18next" from "src/components/CameraCapture.jsx". Does the file exist?
8:27:21 pm [vite] Pre-transform error: Failed to resolve import "react-i18next" from "src/components/CameraCapture.jsx". Does the file exist?
8:37:38 pm [vite] Internal server error: Failed to resolve import "i18next" from "src/i18n.js". Does the file exist?
  Plugin: vite:import-analysis
  File: C:/Users/Darshan Buddhdev/OneDrive/Desktop/SIH_2026/SIH/frontend/src/i18n.js:1:19
  1  |  import i18n from "i18next";
     |                    ^
  2  |  import { initReactI18next } from "react-i18next";
  3  |  
      at TransformPluginContext._formatError (file:///C:/Users/Darshan%20Buddhdev/OneDrive/Desktop/SIH_2026/SIH/frontend/node_modules/vite/dist/node/chunks/dep-BK3b2jBa.js:49258:41)
      at TransformPluginContext.error (file:///C:/Users/Darshan%20Buddhdev/OneDrive/Desktop/SIH_2026/SIH/frontend/node_modules/vite/dist/node/chunks/dep-BK3b2jBa.js:49253:16)
      at normalizeUrl (file:///C:/Users/Darshan%20Buddhdev/OneDrive/Desktop/SIH_2026/SIH/frontend/node_modules/vite/dist/node/chunks/dep-BK3b2jBa.js:64307:23)
      at async file:///C:/Users/Darshan%20Buddhdev/OneDrive/Desktop/SIH_2026/SIH/frontend/node_modules/vite/dist/node/chunks/dep-BK3b2jBa.js:64439:39
      at async Promise.all (index 0)
      at async TransformPluginContext.transform (file:///C:/Users/Darshan%20Buddhdev/OneDrive/Desktop/SIH_2026/SIH/frontend/node_modules/vite/dist/node/chunks/dep-BK3b2jBa.js:64366:7)
      at async PluginContainer.transform (file:///C:/Users/Darshan%20Buddhdev/OneDrive/Desktop/SIH_2026/SIH/frontend/node_modules/vite/dist/node/chunks/dep-BK3b2jBa.js:49099:18)
      at async loadAndTransform (file:///C:/Users/Darshan%20Buddhdev/OneDrive/Desktop/SIH_2026/SIH/frontend/node_modules/vite/dist/node/chunks/dep-BK3b2jBa.js:51978:27)
      at async viteTransformMiddleware (file:///C:/Users/Darshan%20Buddhdev/OneDrive/Desktop/SIH_2026/SIH/frontend/node_modules/vite/dist/node/chunks/dep-BK3b2jBa.js:62106:24)
8:37:38 pm [vite] Internal server error: Failed to resolve import "react-i18next" from "src/App.jsx". Does the file exist?
  Plugin: vite:import-analysis
  File: C:/Users/Darshan Buddhdev/OneDrive/Desktop/SIH_2026/SIH/frontend/src/App.jsx:2:31
  17 |  var _s = $RefreshSig$();
  18 |  import { Routes, Route, Link, NavLink } from "react-router-dom";
  19 |  import { useTranslation } from "react-i18next";
     |                                  ^
  20 |  import { HomeIcon, IdCardIcon, ChainIcon, ShieldIcon } from "./components/Icons.jsx";
  21 |  import LanguageSwitcher from "./components/LanguageSwitcher.jsx";
      at TransformPluginContext._formatError (file:///C:/Users/Darshan%20Buddhdev/OneDrive/Desktop/SIH_2026/SIH/frontend/node_modules/vite/dist/node/chunks/dep-BK3b2jBa.js:49258:41)
      at TransformPluginContext.error (file:///C:/Users/Darshan%20Buddhdev/OneDrive/Desktop/SIH_2026/SIH/frontend/node_modules/vite/dist/node/chunks/dep-BK3b2jBa.js:49253:16)
      at normalizeUrl (file:///C:/Users/Darshan%20Buddhdev/OneDrive/Desktop/SIH_2026/SIH/frontend/node_modules/vite/dist/node/chunks/dep-BK3b2jBa.js:64307:23)
      at process.processTicksAndRejections (node:internal/process/task_queues:103:5)
      at async file:///C:/Users/Darshan%20Buddhdev/OneDrive/Desktop/SIH_2026/SIH/frontend/node_modules/vite/dist/node/chunks/dep-BK3b2jBa.js:64439:39
      at async Promise.all (index 4)
      at async TransformPluginContext.transform (file:///C:/Users/Darshan%20Buddhdev/OneDrive/Desktop/SIH_2026/SIH/frontend/node_modules/vite/dist/node/chunks/dep-BK3b2jBa.js:64366:7)
      at async PluginContainer.transform (file:///C:/Users/Darshan%20Buddhdev/OneDrive/Desktop/SIH_2026/SIH/frontend/node_modules/vite/dist/node/chunks/dep-BK3b2jBa.js:49099:18)
      at async loadAndTransform (file:///C:/Users/Darshan%20Buddhdev/OneDrive/Desktop/SIH_2026/SIH/frontend/node_modules/vite/dist/node/chunks/dep-BK3b2jBa.js:51978:27)
      at async viteTransformMiddleware (file:///C:/Users/Darshan%20Buddhdev/OneDrive/Desktop/SIH_2026/SIH/frontend/node_modules/vite/dist/node/chunks/dep-BK3b2jBa.js:62106:24)
8:37:38 pm [vite] Pre-transform error: Failed to resolve import "react-i18next" from "src/pages/Setup.jsx". Does the file exist?
8:37:38 pm [vite] Pre-transform error: Failed to resolve import "react-i18next" from "src/components/LanguageSwitcher.jsx". Does the file exist?
8:37:38 pm [vite] Pre-transform error: Failed to resolve import "react-i18next" from "src/pages/Audit.jsx". Does the file exist?
8:37:38 pm [vite] Pre-transform error: Failed to resolve import "react-i18next" from "src/pages/Landing.jsx". Does the file exist?
8:37:38 pm [vite] Pre-transform error: Failed to resolve import "react-i18next" from "src/pages/FaceCapture.jsx". Does the file exist?
8:37:38 pm [vite] Pre-transform error: Failed to resolve import "react-i18next" from "src/pages/Capture.jsx". Does the file exist?
8:37:38 pm [vite] Pre-transform error: Failed to resolve import "react-i18next" from "src/pages/Pipeline.jsx". Does the file exist?
8:37:38 pm [vite] Pre-transform error: Failed to resolve import "react-i18next" from "src/pages/Result.jsx". Does the file exist?
8:37:38 pm [vite] Pre-transform error: Failed to resolve import "react-i18next" from "src/pages/AdminWatchlist.jsx". Does the file exist?
8:37:38 pm [vite] Pre-transform error: Failed to resolve import "react-i18next" from "src/components/VerifyShell.jsx". Does the file exist?
8:37:38 pm [vite] Pre-transform error: Failed to resolve import "react-i18next" from "src/components/VerifyShell.jsx". Does the file exist?
8:37:38 pm [vite] Pre-transform error: Failed to resolve import "react-i18next" from "src/components/VerifyShell.jsx". Does the file exist?
8:37:38 pm [vite] Pre-transform error: Failed to resolve import "react-i18next" from "src/components/VerifyShell.jsx". Does the file exist?
8:37:38 pm [vite] Pre-transform error: Failed to resolve import "react-i18next" from "src/components/VerifyShell.jsx". Does the file exist?
8:37:38 pm [vite] Pre-transform error: Failed to resolve import "react-i18next" from "src/components/CameraCapture.jsx". Does the file exist?
8:37:38 pm [vite] Pre-transform error: Failed to resolve import "react-i18next" from "src/components/CameraCapture.jsx". Does the file exist?
8:37:39 pm [vite] Internal server error: Failed to resolve import "i18next" from "src/i18n.js". Does the file exist?
  Plugin: vite:import-analysis
  File: C:/Users/Darshan Buddhdev/OneDrive/Desktop/SIH_2026/SIH/frontend/src/i18n.js:1:19
  1  |  import i18n from "i18next";
     |                    ^
  2  |  import { initReactI18next } from "react-i18next";
  3  |  
      at TransformPluginContext._formatError (file:///C:/Users/Darshan%20Buddhdev/OneDrive/Desktop/SIH_2026/SIH/frontend/node_modules/vite/dist/node/chunks/dep-BK3b2jBa.js:49258:41)
      at TransformPluginContext.error (file:///C:/Users/Darshan%20Buddhdev/OneDrive/Desktop/SIH_2026/SIH/frontend/node_modules/vite/dist/node/chunks/dep-BK3b2jBa.js:49253:16)
      at normalizeUrl (file:///C:/Users/Darshan%20Buddhdev/OneDrive/Desktop/SIH_2026/SIH/frontend/node_modules/vite/dist/node/chunks/dep-BK3b2jBa.js:64307:23)
      at async file:///C:/Users/Darshan%20Buddhdev/OneDrive/Desktop/SIH_2026/SIH/frontend/node_modules/vite/dist/node/chunks/dep-BK3b2jBa.js:64439:39
      at async Promise.all (index 0)
      at async TransformPluginContext.transform (file:///C:/Users/Darshan%20Buddhdev/OneDrive/Desktop/SIH_2026/SIH/frontend/node_modules/vite/dist/node/chunks/dep-BK3b2jBa.js:64366:7)
      at async PluginContainer.transform (file:///C:/Users/Darshan%20Buddhdev/OneDrive/Desktop/SIH_2026/SIH/frontend/node_modules/vite/dist/node/chunks/dep-BK3b2jBa.js:49099:18)
      at async loadAndTransform (file:///C:/Users/Darshan%20Buddhdev/OneDrive/Desktop/SIH_2026/SIH/frontend/node_modules/vite/dist/node/chunks/dep-BK3b2jBa.js:51978:27)
      at async viteTransformMiddleware (file:///C:/Users/Darshan%20Buddhdev/OneDrive/Desktop/SIH_2026/SIH/frontend/node_modules/vite/dist/node/chunks/dep-BK3b2jBa.js:62106:24)
8:37:39 pm [vite] Internal server error: Failed to resolve import "react-i18next" from "src/App.jsx". Does the file exist?
  Plugin: vite:import-analysis
  File: C:/Users/Darshan Buddhdev/OneDrive/Desktop/SIH_2026/SIH/frontend/src/App.jsx:2:31
  17 |  var _s = $RefreshSig$();
  18 |  import { Routes, Route, Link, NavLink } from "react-router-dom";
  19 |  import { useTranslation } from "react-i18next";
     |                                  ^
  20 |  import { HomeIcon, IdCardIcon, ChainIcon, ShieldIcon } from "./components/Icons.jsx";
  21 |  import LanguageSwitcher from "./components/LanguageSwitcher.jsx";
      at TransformPluginContext._formatError (file:///C:/Users/Darshan%20Buddhdev/OneDrive/Desktop/SIH_2026/SIH/frontend/node_modules/vite/dist/node/chunks/dep-BK3b2jBa.js:49258:41)
      at TransformPluginContext.error (file:///C:/Users/Darshan%20Buddhdev/OneDrive/Desktop/SIH_2026/SIH/frontend/node_modules/vite/dist/node/chunks/dep-BK3b2jBa.js:49253:16)
      at normalizeUrl (file:///C:/Users/Darshan%20Buddhdev/OneDrive/Desktop/SIH_2026/SIH/frontend/node_modules/vite/dist/node/chunks/dep-BK3b2jBa.js:64307:23)
      at process.processTicksAndRejections (node:internal/process/task_queues:103:5)
      at async file:///C:/Users/Darshan%20Buddhdev/OneDrive/Desktop/SIH_2026/SIH/frontend/node_modules/vite/dist/node/chunks/dep-BK3b2jBa.js:64439:39
      at async Promise.all (index 4)
      at async TransformPluginContext.transform (file:///C:/Users/Darshan%20Buddhdev/OneDrive/Desktop/SIH_2026/SIH/frontend/node_modules/vite/dist/node/chunks/dep-BK3b2jBa.js:64366:7)
      at async PluginContainer.transform (file:///C:/Users/Darshan%20Buddhdev/OneDrive/Desktop/SIH_2026/SIH/frontend/node_modules/vite/dist/node/chunks/dep-BK3b2jBa.js:49099:18)
      at async loadAndTransform (file:///C:/Users/Darshan%20Buddhdev/OneDrive/Desktop/SIH_2026/SIH/frontend/node_modules/vite/dist/node/chunks/dep-BK3b2jBa.js:51978:27)
      at async viteTransformMiddleware (file:///C:/Users/Darshan%20Buddhdev/OneDrive/Desktop/SIH_2026/SIH/frontend/node_modules/vite/dist/node/chunks/dep-BK3b2jBa.js:62106:24)
8:37:39 pm [vite] Pre-transform error: Failed to resolve import "react-i18next" from "src/pages/Capture.jsx". Does the file exist?
8:37:39 pm [vite] Pre-transform error: Failed to resolve import "react-i18next" from "src/components/LanguageSwitcher.jsx". Does the file exist?
8:37:39 pm [vite] Pre-transform error: Failed to resolve import "react-i18next" from "src/pages/Setup.jsx". Does the file exist?
8:37:39 pm [vite] Pre-transform error: Failed to resolve import "react-i18next" from "src/pages/Audit.jsx". Does the file exist?
8:37:39 pm [vite] Pre-transform error: Failed to resolve import "react-i18next" from "src/pages/Landing.jsx". Does the file exist?
8:37:39 pm [vite] Pre-transform error: Failed to resolve import "react-i18next" from "src/pages/Pipeline.jsx". Does the file exist?
8:37:39 pm [vite] Pre-transform error: Failed to resolve import "react-i18next" from "src/pages/Result.jsx". Does the file exist?
8:37:39 pm [vite] Pre-transform error: Failed to resolve import "react-i18next" from "src/pages/FaceCapture.jsx". Does the file exist?
8:37:39 pm [vite] Pre-transform error: Failed to resolve import "react-i18next" from "src/pages/AdminWatchlist.jsx". Does the file exist?
8:37:39 pm [vite] Pre-transform error: Failed to resolve import "react-i18next" from "src/components/VerifyShell.jsx". Does the file exist?
8:37:39 pm [vite] Pre-transform error: Failed to resolve import "react-i18next" from "src/components/VerifyShell.jsx". Does the file exist?
8:37:39 pm [vite] Pre-transform error: Failed to resolve import "react-i18next" from "src/components/VerifyShell.jsx". Does the file exist?
8:37:39 pm [vite] Pre-transform error: Failed to resolve import "react-i18next" from "src/components/VerifyShell.jsx". Does the file exist?
8:37:39 pm [vite] Pre-transform error: Failed to resolve import "react-i18next" from "src/components/CameraCapture.jsx". Does the file exist?
8:37:39 pm [vite] Pre-transform error: Failed to resolve import "react-i18next" from "src/components/VerifyShell.jsx". Does the file exist?
8:37:39 pm [vite] Pre-transform error: Failed to resolve import "react-i18next" from "src/components/CameraCapture.jsx". Does the file exist?
8:37:39 pm [vite] Internal server error: Failed to resolve import "i18next" from "src/i18n.js". Does the file exist?
  Plugin: vite:import-analysis
  File: C:/Users/Darshan Buddhdev/OneDrive/Desktop/SIH_2026/SIH/frontend/src/i18n.js:1:19
  1  |  import i18n from "i18next";
     |                    ^
  2  |  import { initReactI18next } from "react-i18next";
  3  |  
      at TransformPluginContext._formatError (file:///C:/Users/Darshan%20Buddhdev/OneDrive/Desktop/SIH_2026/SIH/frontend/node_modules/vite/dist/node/chunks/dep-BK3b2jBa.js:49258:41)
      at TransformPluginContext.error (file:///C:/Users/Darshan%20Buddhdev/OneDrive/Desktop/SIH_2026/SIH/frontend/node_modules/vite/dist/node/chunks/dep-BK3b2jBa.js:49253:16)
      at normalizeUrl (file:///C:/Users/Darshan%20Buddhdev/OneDrive/Desktop/SIH_2026/SIH/frontend/node_modules/vite/dist/node/chunks/dep-BK3b2jBa.js:64307:23)
      at async file:///C:/Users/Darshan%20Buddhdev/OneDrive/Desktop/SIH_2026/SIH/frontend/node_modules/vite/dist/node/chunks/dep-BK3b2jBa.js:64439:39
      at async Promise.all (index 0)
      at async TransformPluginContext.transform (file:///C:/Users/Darshan%20Buddhdev/OneDrive/Desktop/SIH_2026/SIH/frontend/node_modules/vite/dist/node/chunks/dep-BK3b2jBa.js:64366:7)
      at async PluginContainer.transform (file:///C:/Users/Darshan%20Buddhdev/OneDrive/Desktop/SIH_2026/SIH/frontend/node_modules/vite/dist/node/chunks/dep-BK3b2jBa.js:49099:18)
      at async loadAndTransform (file:///C:/Users/Darshan%20Buddhdev/OneDrive/Desktop/SIH_2026/SIH/frontend/node_modules/vite/dist/node/chunks/dep-BK3b2jBa.js:51978:27)
      at async viteTransformMiddleware (file:///C:/Users/Darshan%20Buddhdev/OneDrive/Desktop/SIH_2026/SIH/frontend/node_modules/vite/dist/node/chunks/dep-BK3b2jBa.js:62106:24)
8:37:39 pm [vite] Internal server error: Failed to resolve import "react-i18next" from "src/App.jsx". Does the file exist?
  Plugin: vite:import-analysis
  File: C:/Users/Darshan Buddhdev/OneDrive/Desktop/SIH_2026/SIH/frontend/src/App.jsx:2:31
  17 |  var _s = $RefreshSig$();
  18 |  import { Routes, Route, Link, NavLink } from "react-router-dom";
  19 |  import { useTranslation } from "react-i18next";
     |                                  ^
  20 |  import { HomeIcon, IdCardIcon, ChainIcon, ShieldIcon } from "./components/Icons.jsx";
  21 |  import LanguageSwitcher from "./components/LanguageSwitcher.jsx";
      at TransformPluginContext._formatError (file:///C:/Users/Darshan%20Buddhdev/OneDrive/Desktop/SIH_2026/SIH/frontend/node_modules/vite/dist/node/chunks/dep-BK3b2jBa.js:49258:41)
      at TransformPluginContext.error (file:///C:/Users/Darshan%20Buddhdev/OneDrive/Desktop/SIH_2026/SIH/frontend/node_modules/vite/dist/node/chunks/dep-BK3b2jBa.js:49253:16)
      at normalizeUrl (file:///C:/Users/Darshan%20Buddhdev/OneDrive/Desktop/SIH_2026/SIH/frontend/node_modules/vite/dist/node/chunks/dep-BK3b2jBa.js:64307:23)
      at process.processTicksAndRejections (node:internal/process/task_queues:103:5)
      at async file:///C:/Users/Darshan%20Buddhdev/OneDrive/Desktop/SIH_2026/SIH/frontend/node_modules/vite/dist/node/chunks/dep-BK3b2jBa.js:64439:39
      at async Promise.all (index 4)
      at async TransformPluginContext.transform (file:///C:/Users/Darshan%20Buddhdev/OneDrive/Desktop/SIH_2026/SIH/frontend/node_modules/vite/dist/node/chunks/dep-BK3b2jBa.js:64366:7)
      at async PluginContainer.transform (file:///C:/Users/Darshan%20Buddhdev/OneDrive/Desktop/SIH_2026/SIH/frontend/node_modules/vite/dist/node/chunks/dep-BK3b2jBa.js:49099:18)
      at async loadAndTransform (file:///C:/Users/Darshan%20Buddhdev/OneDrive/Desktop/SIH_2026/SIH/frontend/node_modules/vite/dist/node/chunks/dep-BK3b2jBa.js:51978:27)
      at async viteTransformMiddleware (file:///C:/Users/Darshan%20Buddhdev/OneDrive/Desktop/SIH_2026/SIH/frontend/node_modules/vite/dist/node/chunks/dep-BK3b2jBa.js:62106:24)
8:37:39 pm [vite] Pre-transform error: Failed to resolve import "react-i18next" from "src/pages/Setup.jsx". Does the file exist?
8:37:39 pm [vite] Pre-transform error: Failed to resolve import "react-i18next" from "src/components/LanguageSwitcher.jsx". Does the file exist?
8:37:39 pm [vite] Pre-transform error: Failed to resolve import "react-i18next" from "src/pages/Pipeline.jsx". Does the file exist?
8:37:39 pm [vite] Pre-transform error: Failed to resolve import "react-i18next" from "src/pages/Landing.jsx". Does the file exist?
8:37:39 pm [vite] Pre-transform error: Failed to resolve import "react-i18next" from "src/pages/Capture.jsx". Does the file exist?
8:37:39 pm [vite] Pre-transform error: Failed to resolve import "react-i18next" from "src/pages/Result.jsx". Does the file exist?
8:37:39 pm [vite] Pre-transform error: Failed to resolve import "react-i18next" from "src/pages/FaceCapture.jsx". Does the file exist?
8:37:39 pm [vite] Pre-transform error: Failed to resolve import "react-i18next" from "src/pages/Audit.jsx". Does the file exist?
8:37:39 pm [vite] Pre-transform error: Failed to resolve import "react-i18next" from "src/pages/AdminWatchlist.jsx". Does the file exist?
8:37:39 pm [vite] Pre-transform error: Failed to resolve import "react-i18next" from "src/components/VerifyShell.jsx". Does the file exist?
8:37:39 pm [vite] Pre-transform error: Failed to resolve import "react-i18next" from "src/components/VerifyShell.jsx". Does the file exist?
8:37:39 pm [vite] Pre-transform error: Failed to resolve import "react-i18next" from "src/components/VerifyShell.jsx". Does the file exist?
8:37:39 pm [vite] Pre-transform error: Failed to resolve import "react-i18next" from "src/components/VerifyShell.jsx". Does the file exist?
8:37:39 pm [vite] Pre-transform error: Failed to resolve import "react-i18next" from "src/components/VerifyShell.jsx". Does the file exist?
8:37:39 pm [vite] Pre-transform error: Failed to resolve import "react-i18next" from "src/components/CameraCapture.jsx". Does the file exist?
8:37:39 pm [vite] Pre-transform error: Failed to resolve import "react-i18next" from "src/components/CameraCapture.jsx". Does the file exist?
8:37:39 pm [vite] Internal server error: Failed to resolve import "i18next" from "src/i18n.js". Does the file exist?
  Plugin: vite:import-analysis
  File: C:/Users/Darshan Buddhdev/OneDrive/Desktop/SIH_2026/SIH/frontend/src/i18n.js:1:19
  1  |  import i18n from "i18next";
     |                    ^
  2  |  import { initReactI18next } from "react-i18next";
  3  |  
      at TransformPluginContext._formatError (file:///C:/Users/Darshan%20Buddhdev/OneDrive/Desktop/SIH_2026/SIH/frontend/node_modules/vite/dist/node/chunks/dep-BK3b2jBa.js:49258:41)
      at TransformPluginContext.error (file:///C:/Users/Darshan%20Buddhdev/OneDrive/Desktop/SIH_2026/SIH/frontend/node_modules/vite/dist/node/chunks/dep-BK3b2jBa.js:49253:16)
      at normalizeUrl (file:///C:/Users/Darshan%20Buddhdev/OneDrive/Desktop/SIH_2026/SIH/frontend/node_modules/vite/dist/node/chunks/dep-BK3b2jBa.js:64307:23)
      at async file:///C:/Users/Darshan%20Buddhdev/OneDrive/Desktop/SIH_2026/SIH/frontend/node_modules/vite/dist/node/chunks/dep-BK3b2jBa.js:64439:39
      at async Promise.all (index 0)
      at async TransformPluginContext.transform (file:///C:/Users/Darshan%20Buddhdev/OneDrive/Desktop/SIH_2026/SIH/frontend/node_modules/vite/dist/node/chunks/dep-BK3b2jBa.js:64366:7)
      at async PluginContainer.transform (file:///C:/Users/Darshan%20Buddhdev/OneDrive/Desktop/SIH_2026/SIH/frontend/node_modules/vite/dist/node/chunks/dep-BK3b2jBa.js:49099:18)
      at async loadAndTransform (file:///C:/Users/Darshan%20Buddhdev/OneDrive/Desktop/SIH_2026/SIH/frontend/node_modules/vite/dist/node/chunks/dep-BK3b2jBa.js:51978:27)
      at async viteTransformMiddleware (file:///C:/Users/Darshan%20Buddhdev/OneDrive/Desktop/SIH_2026/SIH/frontend/node_modules/vite/dist/node/chunks/dep-BK3b2jBa.js:62106:24)
8:37:39 pm [vite] Internal server error: Failed to resolve import "react-i18next" from "src/App.jsx". Does the file exist?
  Plugin: vite:import-analysis
  File: C:/Users/Darshan Buddhdev/OneDrive/Desktop/SIH_2026/SIH/frontend/src/App.jsx:2:31
  17 |  var _s = $RefreshSig$();
  18 |  import { Routes, Route, Link, NavLink } from "react-router-dom";
  19 |  import { useTranslation } from "react-i18next";
     |                                  ^
  20 |  import { HomeIcon, IdCardIcon, ChainIcon, ShieldIcon } from "./components/Icons.jsx";
  21 |  import LanguageSwitcher from "./components/LanguageSwitcher.jsx";
      at TransformPluginContext._formatError (file:///C:/Users/Darshan%20Buddhdev/OneDrive/Desktop/SIH_2026/SIH/frontend/node_modules/vite/dist/node/chunks/dep-BK3b2jBa.js:49258:41)
      at TransformPluginContext.error (file:///C:/Users/Darshan%20Buddhdev/OneDrive/Desktop/SIH_2026/SIH/frontend/node_modules/vite/dist/node/chunks/dep-BK3b2jBa.js:49253:16)
      at normalizeUrl (file:///C:/Users/Darshan%20Buddhdev/OneDrive/Desktop/SIH_2026/SIH/frontend/node_modules/vite/dist/node/chunks/dep-BK3b2jBa.js:64307:23)
      at process.processTicksAndRejections (node:internal/process/task_queues:103:5)
      at async file:///C:/Users/Darshan%20Buddhdev/OneDrive/Desktop/SIH_2026/SIH/frontend/node_modules/vite/dist/node/chunks/dep-BK3b2jBa.js:64439:39
      at async Promise.all (index 4)
      at async TransformPluginContext.transform (file:///C:/Users/Darshan%20Buddhdev/OneDrive/Desktop/SIH_2026/SIH/frontend/node_modules/vite/dist/node/chunks/dep-BK3b2jBa.js:64366:7)
      at async PluginContainer.transform (file:///C:/Users/Darshan%20Buddhdev/OneDrive/Desktop/SIH_2026/SIH/frontend/node_modules/vite/dist/node/chunks/dep-BK3b2jBa.js:49099:18)
      at async loadAndTransform (file:///C:/Users/Darshan%20Buddhdev/OneDrive/Desktop/SIH_2026/SIH/frontend/node_modules/vite/dist/node/chunks/dep-BK3b2jBa.js:51978:27)
      at async viteTransformMiddleware (file:///C:/Users/Darshan%20Buddhdev/OneDrive/Desktop/SIH_2026/SIH/frontend/node_modules/vite/dist/node/chunks/dep-BK3b2jBa.js:62106:24)
8:37:40 pm [vite] Pre-transform error: Failed to resolve import "react-i18next" from "src/pages/Setup.jsx". Does the file exist?
8:37:40 pm [vite] Pre-transform error: Failed to resolve import "react-i18next" from "src/components/LanguageSwitcher.jsx". Does the file exist?
8:37:40 pm [vite] Pre-transform error: Failed to resolve import "react-i18next" from "src/pages/Audit.jsx". Does the file exist?
8:37:40 pm [vite] Pre-transform error: Failed to resolve import "react-i18next" from "src/pages/Landing.jsx". Does the file exist?
8:37:40 pm [vite] Pre-transform error: Failed to resolve import "react-i18next" from "src/pages/Pipeline.jsx". Does the file exist?
8:37:40 pm [vite] Pre-transform error: Failed to resolve import "react-i18next" from "src/pages/AdminWatchlist.jsx". Does the file exist?
8:37:40 pm [vite] Pre-transform error: Failed to resolve import "react-i18next" from "src/pages/Capture.jsx". Does the file exist?
8:37:40 pm [vite] Pre-transform error: Failed to resolve import "react-i18next" from "src/pages/Result.jsx". Does the file exist?
8:37:40 pm [vite] Pre-transform error: Failed to resolve import "react-i18next" from "src/pages/FaceCapture.jsx". Does the file exist?
8:37:40 pm [vite] Pre-transform error: Failed to resolve import "react-i18next" from "src/components/VerifyShell.jsx". Does the file exist?
8:37:40 pm [vite] Pre-transform error: Failed to resolve import "react-i18next" from "src/components/VerifyShell.jsx". Does the file exist?
8:37:40 pm [vite] Pre-transform error: Failed to resolve import "react-i18next" from "src/components/VerifyShell.jsx". Does the file exist?
8:37:40 pm [vite] Pre-transform error: Failed to resolve import "react-i18next" from "src/components/VerifyShell.jsx". Does the file exist?
8:37:40 pm [vite] Pre-transform error: Failed to resolve import "react-i18next" from "src/components/VerifyShell.jsx". Does the file exist?
8:37:40 pm [vite] Pre-transform error: Failed to resolve import "react-i18next" from "src/components/CameraCapture.jsx". Does the file exist?
8:37:40 pm [vite] Pre-transform error: Failed to resolve import "react-i18next" from "src/components/CameraCapture.jsx". Does the file exist?
8:38:15 pm [vite] Internal server error: Failed to resolve import "i18next" from "src/i18n.js". Does the file exist?
  Plugin: vite:import-analysis
  File: C:/Users/Darshan Buddhdev/OneDrive/Desktop/SIH_2026/SIH/frontend/src/i18n.js:1:19
  1  |  import i18n from "i18next";
     |                    ^
  2  |  import { initReactI18next } from "react-i18next";
  3  |  
      at TransformPluginContext._formatError (file:///C:/Users/Darshan%20Buddhdev/OneDrive/Desktop/SIH_2026/SIH/frontend/node_modules/vite/dist/node/chunks/dep-BK3b2jBa.js:49258:41)
      at TransformPluginContext.error (file:///C:/Users/Darshan%20Buddhdev/OneDrive/Desktop/SIH_2026/SIH/frontend/node_modules/vite/dist/node/chunks/dep-BK3b2jBa.js:49253:16)
      at normalizeUrl (file:///C:/Users/Darshan%20Buddhdev/OneDrive/Desktop/SIH_2026/SIH/frontend/node_modules/vite/dist/node/chunks/dep-BK3b2jBa.js:64307:23)
      at async file:///C:/Users/Darshan%20Buddhdev/OneDrive/Desktop/SIH_2026/SIH/frontend/node_modules/vite/dist/node/chunks/dep-BK3b2jBa.js:64439:39
      at async Promise.all (index 0)
      at async TransformPluginContext.transform (file:///C:/Users/Darshan%20Buddhdev/OneDrive/Desktop/SIH_2026/SIH/frontend/node_modules/vite/dist/node/chunks/dep-BK3b2jBa.js:64366:7)
      at async PluginContainer.transform (file:///C:/Users/Darshan%20Buddhdev/OneDrive/Desktop/SIH_2026/SIH/frontend/node_modules/vite/dist/node/chunks/dep-BK3b2jBa.js:49099:18)
      at async loadAndTransform (file:///C:/Users/Darshan%20Buddhdev/OneDrive/Desktop/SIH_2026/SIH/frontend/node_modules/vite/dist/node/chunks/dep-BK3b2jBa.js:51978:27)
      at async viteTransformMiddleware (file:///C:/Users/Darshan%20Buddhdev/OneDrive/Desktop/SIH_2026/SIH/frontend/node_modules/vite/dist/node/chunks/dep-BK3b2jBa.js:62106:24)
8:38:15 pm [vite] Internal server error: Failed to resolve import "react-i18next" from "src/App.jsx". Does the file exist?
  Plugin: vite:import-analysis
  File: C:/Users/Darshan Buddhdev/OneDrive/Desktop/SIH_2026/SIH/frontend/src/App.jsx:2:31
  17 |  var _s = $RefreshSig$();
  18 |  import { Routes, Route, Link, NavLink } from "react-router-dom";
  19 |  import { useTranslation } from "react-i18next";
     |                                  ^
  20 |  import { HomeIcon, IdCardIcon, ChainIcon, ShieldIcon } from "./components/Icons.jsx";
  21 |  import LanguageSwitcher from "./components/LanguageSwitcher.jsx";
      at TransformPluginContext._formatError (file:///C:/Users/Darshan%20Buddhdev/OneDrive/Desktop/SIH_2026/SIH/frontend/node_modules/vite/dist/node/chunks/dep-BK3b2jBa.js:49258:41)
      at TransformPluginContext.error (file:///C:/Users/Darshan%20Buddhdev/OneDrive/Desktop/SIH_2026/SIH/frontend/node_modules/vite/dist/node/chunks/dep-BK3b2jBa.js:49253:16)
      at normalizeUrl (file:///C:/Users/Darshan%20Buddhdev/OneDrive/Desktop/SIH_2026/SIH/frontend/node_modules/vite/dist/node/chunks/dep-BK3b2jBa.js:64307:23)
      at process.processTicksAndRejections (node:internal/process/task_queues:103:5)
      at async file:///C:/Users/Darshan%20Buddhdev/OneDrive/Desktop/SIH_2026/SIH/frontend/node_modules/vite/dist/node/chunks/dep-BK3b2jBa.js:64439:39
      at async Promise.all (index 4)
      at async TransformPluginContext.transform (file:///C:/Users/Darshan%20Buddhdev/OneDrive/Desktop/SIH_2026/SIH/frontend/node_modules/vite/dist/node/chunks/dep-BK3b2jBa.js:64366:7)
      at async PluginContainer.transform (file:///C:/Users/Darshan%20Buddhdev/OneDrive/Desktop/SIH_2026/SIH/frontend/node_modules/vite/dist/node/chunks/dep-BK3b2jBa.js:49099:18)
      at async loadAndTransform (file:///C:/Users/Darshan%20Buddhdev/OneDrive/Desktop/SIH_2026/SIH/frontend/node_modules/vite/dist/node/chunks/dep-BK3b2jBa.js:51978:27)
      at async viteTransformMiddleware (file:///C:/Users/Darshan%20Buddhdev/OneDrive/Desktop/SIH_2026/SIH/frontend/node_modules/vite/dist/node/chunks/dep-BK3b2jBa.js:62106:24)
8:38:15 pm [vite] Pre-transform error: Failed to resolve import "react-i18next" from "src/pages/Landing.jsx". Does the file exist?
8:38:15 pm [vite] Pre-transform error: Failed to resolve import "react-i18next" from "src/components/LanguageSwitcher.jsx". Does the file exist?
8:38:15 pm [vite] Pre-transform error: Failed to resolve import "react-i18next" from "src/pages/Setup.jsx". Does the file exist?
8:38:15 pm [vite] Pre-transform error: Failed to resolve import "react-i18next" from "src/pages/FaceCapture.jsx". Does the file exist?
8:38:15 pm [vite] Pre-transform error: Failed to resolve import "react-i18next" from "src/pages/Capture.jsx". Does the file exist?
8:38:15 pm [vite] Pre-transform error: Failed to resolve import "react-i18next" from "src/pages/Result.jsx". Does the file exist?
8:38:15 pm [vite] Pre-transform error: Failed to resolve import "react-i18next" from "src/pages/Pipeline.jsx". Does the file exist?
8:38:15 pm [vite] Pre-transform error: Failed to resolve import "react-i18next" from "src/pages/Audit.jsx". Does the file exist?
8:38:15 pm [vite] Pre-transform error: Failed to resolve import "react-i18next" from "src/components/CameraCapture.jsx". Does the file exist?
8:38:15 pm [vite] Pre-transform error: Failed to resolve import "react-i18next" from "src/pages/AdminWatchlist.jsx". Does the file exist?
8:38:15 pm [vite] Pre-transform error: Failed to resolve import "react-i18next" from "src/components/CameraCapture.jsx". Does the file exist?
8:38:15 pm [vite] Pre-transform error: Failed to resolve import "react-i18next" from "src/components/VerifyShell.jsx". Does the file exist?
8:38:15 pm [vite] Pre-transform error: Failed to resolve import "react-i18next" from "src/components/VerifyShell.jsx". Does the file exist?
8:38:15 pm [vite] Pre-transform error: Failed to resolve import "react-i18next" from "src/components/VerifyShell.jsx". Does the file exist?
8:38:15 pm [vite] Pre-transform error: Failed to resolve import "react-i18next" from "src/components/VerifyShell.jsx". Does the file exist?
8:38:15 pm [vite] Pre-transform error: Failed to resolve import "react-i18next" from "src/components/VerifyShell.jsx". Does the file exist?
8:38:16 pm [vite] Internal server error: Failed to resolve import "i18next" from "src/i18n.js". Does the file exist?
  Plugin: vite:import-analysis
  File: C:/Users/Darshan Buddhdev/OneDrive/Desktop/SIH_2026/SIH/frontend/src/i18n.js:1:19
  1  |  import i18n from "i18next";
     |                    ^
  2  |  import { initReactI18next } from "react-i18next";
  3  |  
      at TransformPluginContext._formatError (file:///C:/Users/Darshan%20Buddhdev/OneDrive/Desktop/SIH_2026/SIH/frontend/node_modules/vite/dist/node/chunks/dep-BK3b2jBa.js:49258:41)
      at TransformPluginContext.error (file:///C:/Users/Darshan%20Buddhdev/OneDrive/Desktop/SIH_2026/SIH/frontend/node_modules/vite/dist/node/chunks/dep-BK3b2jBa.js:49253:16)
      at normalizeUrl (file:///C:/Users/Darshan%20Buddhdev/OneDrive/Desktop/SIH_2026/SIH/frontend/node_modules/vite/dist/node/chunks/dep-BK3b2jBa.js:64307:23)
      at async file:///C:/Users/Darshan%20Buddhdev/OneDrive/Desktop/SIH_2026/SIH/frontend/node_modules/vite/dist/node/chunks/dep-BK3b2jBa.js:64439:39
      at async Promise.all (index 0)
      at async TransformPluginContext.transform (file:///C:/Users/Darshan%20Buddhdev/OneDrive/Desktop/SIH_2026/SIH/frontend/node_modules/vite/dist/node/chunks/dep-BK3b2jBa.js:64366:7)
      at async PluginContainer.transform (file:///C:/Users/Darshan%20Buddhdev/OneDrive/Desktop/SIH_2026/SIH/frontend/node_modules/vite/dist/node/chunks/dep-BK3b2jBa.js:49099:18)
      at async loadAndTransform (file:///C:/Users/Darshan%20Buddhdev/OneDrive/Desktop/SIH_2026/SIH/frontend/node_modules/vite/dist/node/chunks/dep-BK3b2jBa.js:51978:27)
      at async viteTransformMiddleware (file:///C:/Users/Darshan%20Buddhdev/OneDrive/Desktop/SIH_2026/SIH/frontend/node_modules/vite/dist/node/chunks/dep-BK3b2jBa.js:62106:24)
8:38:16 pm [vite] Internal server error: Failed to resolve import "react-i18next" from "src/App.jsx". Does the file exist?
  Plugin: vite:import-analysis
  File: C:/Users/Darshan Buddhdev/OneDrive/Desktop/SIH_2026/SIH/frontend/src/App.jsx:2:31
  17 |  var _s = $RefreshSig$();
  18 |  import { Routes, Route, Link, NavLink } from "react-router-dom";
  19 |  import { useTranslation } from "react-i18next";
     |                                  ^
  20 |  import { HomeIcon, IdCardIcon, ChainIcon, ShieldIcon } from "./components/Icons.jsx";
  21 |  import LanguageSwitcher from "./components/LanguageSwitcher.jsx";
      at TransformPluginContext._formatError (file:///C:/Users/Darshan%20Buddhdev/OneDrive/Desktop/SIH_2026/SIH/frontend/node_modules/vite/dist/node/chunks/dep-BK3b2jBa.js:49258:41)
      at TransformPluginContext.error (file:///C:/Users/Darshan%20Buddhdev/OneDrive/Desktop/SIH_2026/SIH/frontend/node_modules/vite/dist/node/chunks/dep-BK3b2jBa.js:49253:16)
      at normalizeUrl (file:///C:/Users/Darshan%20Buddhdev/OneDrive/Desktop/SIH_2026/SIH/frontend/node_modules/vite/dist/node/chunks/dep-BK3b2jBa.js:64307:23)
      at process.processTicksAndRejections (node:internal/process/task_queues:103:5)
      at async file:///C:/Users/Darshan%20Buddhdev/OneDrive/Desktop/SIH_2026/SIH/frontend/node_modules/vite/dist/node/chunks/dep-BK3b2jBa.js:64439:39
      at async Promise.all (index 4)
      at async TransformPluginContext.transform (file:///C:/Users/Darshan%20Buddhdev/OneDrive/Desktop/SIH_2026/SIH/frontend/node_modules/vite/dist/node/chunks/dep-BK3b2jBa.js:64366:7)
      at async PluginContainer.transform (file:///C:/Users/Darshan%20Buddhdev/OneDrive/Desktop/SIH_2026/SIH/frontend/node_modules/vite/dist/node/chunks/dep-BK3b2jBa.js:49099:18)
      at async loadAndTransform (file:///C:/Users/Darshan%20Buddhdev/OneDrive/Desktop/SIH_2026/SIH/frontend/node_modules/vite/dist/node/chunks/dep-BK3b2jBa.js:51978:27)
      at async viteTransformMiddleware (file:///C:/Users/Darshan%20Buddhdev/OneDrive/Desktop/SIH_2026/SIH/frontend/node_modules/vite/dist/node/chunks/dep-BK3b2jBa.js:62106:24)
8:38:16 pm [vite] Pre-transform error: Failed to resolve import "react-i18next" from "src/pages/Setup.jsx". Does the file exist?
8:38:16 pm [vite] Pre-transform error: Failed to resolve import "react-i18next" from "src/components/LanguageSwitcher.jsx". Does the file exist?
8:38:16 pm [vite] Pre-transform error: Failed to resolve import "react-i18next" from "src/pages/Landing.jsx". Does the file exist?
8:38:16 pm [vite] Pre-transform error: Failed to resolve import "react-i18next" from "src/pages/Pipeline.jsx". Does the file exist?
8:38:16 pm [vite] Pre-transform error: Failed to resolve import "react-i18next" from "src/pages/Capture.jsx". Does the file exist?
8:38:16 pm [vite] Pre-transform error: Failed to resolve import "react-i18next" from "src/pages/Result.jsx". Does the file exist?
8:38:16 pm [vite] Pre-transform error: Failed to resolve import "react-i18next" from "src/pages/Audit.jsx". Does the file exist?
8:38:16 pm [vite] Pre-transform error: Failed to resolve import "react-i18next" from "src/pages/FaceCapture.jsx". Does the file exist?
8:38:16 pm [vite] Pre-transform error: Failed to resolve import "react-i18next" from "src/pages/AdminWatchlist.jsx". Does the file exist?
8:38:16 pm [vite] Pre-transform error: Failed to resolve import "react-i18next" from "src/components/VerifyShell.jsx". Does the file exist?
8:38:16 pm [vite] Pre-transform error: Failed to resolve import "react-i18next" from "src/components/VerifyShell.jsx". Does the file exist?
8:38:16 pm [vite] Pre-transform error: Failed to resolve import "react-i18next" from "src/components/VerifyShell.jsx". Does the file exist?
8:38:16 pm [vite] Pre-transform error: Failed to resolve import "react-i18next" from "src/components/VerifyShell.jsx". Does the file exist?
8:38:16 pm [vite] Pre-transform error: Failed to resolve import "react-i18next" from "src/components/VerifyShell.jsx". Does the file exist?
8:38:16 pm [vite] Pre-transform error: Failed to resolve import "react-i18next" from "src/components/CameraCapture.jsx". Does the file exist?
8:38:16 pm [vite] Pre-transform error: Failed to resolve import "react-i18next" from "src/components/CameraCapture.jsx". Does the file exist?
